```
target
    should not be
"Bart"
    but was
```
